2026-08-22 14:45:32.541: [INFO] CurrentProfilePath: C:\Backend Apps\eclipseApps\ai_javaDevelopment\.metadata\.plugins\org.eclipse.swt\EBWebView\Default
2026-08-22 14:45:32.541: [INFO] Profiles total count: 1
2026-08-22 14:45:32.541: [INFO] Profile: name=Profile 1 path=C:\Backend Apps\eclipseApps\ai_javaDevelopment\.metadata\.plugins\org.eclipse.swt\EBWebView\Default lastActive=null
2026-08-22 14:45:32.541: [INFO] LastUsedProfileDir: C:\Backend Apps\eclipseApps\ai_javaDevelopment\.metadata\.plugins\org.eclipse.swt\EBWebView\Default
2026-08-22 14:45:32.541: [INFO] OnDoneLoading sync enabled: 0
2026-08-22 14:45:32.541: [INFO] BookmarkModelLoaded, ids_reassigned: 0
2026-08-22 14:45:32.541: [INFO] BookmarksLoadDropped droppedNodes=0
2026-08-22 14:45:32.541: [INFO] BookmarksSnapshot Startup total=0 bar=0 other=0 mobile=0 showBar=0 showBarNTP=1
2026-08-22 14:45:42.443: [INFO] BookmarksSnapshot Shutdown total=0 bar=0 other=0 mobile=0 showBar=0 showBarNTP=1
2026-08-22 14:45:46.083: [INFO] CurrentProfilePath: C:\Backend Apps\eclipseApps\ai_javaDevelopment\.metadata\.plugins\org.eclipse.swt\EBWebView\Default
2026-08-22 14:45:46.083: [INFO] Profiles total count: 1
2026-08-22 14:45:46.084: [INFO] Profile: name=Profile 1 path=C:\Backend Apps\eclipseApps\ai_javaDevelopment\.metadata\.plugins\org.eclipse.swt\EBWebView\Default lastActive=2026-08-22T14:45:35.276Z
2026-08-22 14:45:46.084: [INFO] LastUsedProfileDir: C:\Backend Apps\eclipseApps\ai_javaDevelopment\.metadata\.plugins\org.eclipse.swt\EBWebView\Default
2026-08-22 14:45:46.084: [INFO] MostRecentlyActiveProfile: name=Profile 1 path=C:\Backend Apps\eclipseApps\ai_javaDevelopment\.metadata\.plugins\org.eclipse.swt\EBWebView\Default lastActive=2026-08-22T14:45:35.276Z
2026-08-22 14:45:46.084: [INFO] OnDoneLoading sync enabled: 0
2026-08-22 14:45:46.084: [INFO] BookmarkModelLoaded, ids_reassigned: 0
2026-08-22 14:45:46.084: [INFO] BookmarksLoadDropped droppedNodes=0
2026-08-22 14:45:46.084: [INFO] BookmarksSnapshot Startup total=0 bar=0 other=0 mobile=0 showBar=0 showBarNTP=1
2026-08-22 14:45:46.550: [INFO] BookmarksSnapshot Shutdown total=0 bar=0 other=0 mobile=0 showBar=0 showBarNTP=1
2026-08-23 03:43:42.129: [INFO] CurrentProfilePath: C:\Backend Apps\eclipseApps\ai_javaDevelopment\.metadata\.plugins\org.eclipse.swt\EBWebView\Default
2026-08-23 03:43:42.129: [INFO] Profiles total count: 1
2026-08-23 03:43:42.130: [INFO] Profile: name=Profile 1 path=C:\Backend Apps\eclipseApps\ai_javaDevelopment\.metadata\.plugins\org.eclipse.swt\EBWebView\Default lastActive=2026-08-22T14:45:35.276Z
2026-08-23 03:43:42.130: [INFO] LastUsedProfileDir: C:\Backend Apps\eclipseApps\ai_javaDevelopment\.metadata\.plugins\org.eclipse.swt\EBWebView\Default
2026-08-23 03:43:42.130: [INFO] MostRecentlyActiveProfile: name=Profile 1 path=C:\Backend Apps\eclipseApps\ai_javaDevelopment\.metadata\.plugins\org.eclipse.swt\EBWebView\Default lastActive=2026-08-22T14:45:35.276Z
2026-08-23 03:43:42.130: [INFO] OnDoneLoading sync enabled: 0
2026-08-23 03:43:42.130: [INFO] BookmarkModelLoaded, ids_reassigned: 0
2026-08-23 03:43:42.130: [INFO] BookmarksLoadDropped droppedNodes=0
2026-08-23 03:43:42.130: [INFO] BookmarksSnapshot Startup total=0 bar=0 other=0 mobile=0 showBar=0 showBarNTP=1
2026-08-23 12:13:58.425: [INFO] BookmarksSnapshot Shutdown total=0 bar=0 other=0 mobile=0 showBar=0 showBarNTP=1
2026-08-23 13:42:16.763: [INFO] CurrentProfilePath: C:\Backend Apps\eclipseApps\ai_javaDevelopment\.metadata\.plugins\org.eclipse.swt\EBWebView\Default
2026-08-23 13:42:16.763: [INFO] Profiles total count: 1
2026-08-23 13:42:16.765: [INFO] Profile: name=Profile 1 path=C:\Backend Apps\eclipseApps\ai_javaDevelopment\.metadata\.plugins\org.eclipse.swt\EBWebView\Default lastActive=2026-08-22T14:45:35.276Z
2026-08-23 13:42:16.765: [INFO] LastUsedProfileDir: C:\Backend Apps\eclipseApps\ai_javaDevelopment\.metadata\.plugins\org.eclipse.swt\EBWebView\Default
2026-08-23 13:42:16.765: [INFO] MostRecentlyActiveProfile: name=Profile 1 path=C:\Backend Apps\eclipseApps\ai_javaDevelopment\.metadata\.plugins\org.eclipse.swt\EBWebView\Default lastActive=2026-08-22T14:45:35.276Z
2026-08-23 13:42:16.765: [INFO] OnDoneLoading sync enabled: 0
2026-08-23 13:42:16.765: [INFO] BookmarkModelLoaded, ids_reassigned: 0
2026-08-23 13:42:16.765: [INFO] BookmarksLoadDropped droppedNodes=0
2026-08-23 13:42:16.765: [INFO] BookmarksSnapshot Startup total=0 bar=0 other=0 mobile=0 showBar=0 showBarNTP=1
2026-08-23 17:18:39.468: [INFO] BookmarksSnapshot Shutdown total=0 bar=0 other=0 mobile=0 showBar=0 showBarNTP=1
2026-08-24 02:04:03.189: [INFO] CurrentProfilePath: C:\Backend Apps\eclipseApps\ai_javaDevelopment\.metadata\.plugins\org.eclipse.swt\EBWebView\Default
2026-08-24 02:04:03.189: [INFO] Profiles total count: 1
2026-08-24 02:04:03.189: [INFO] Profile: name=Profile 1 path=C:\Backend Apps\eclipseApps\ai_javaDevelopment\.metadata\.plugins\org.eclipse.swt\EBWebView\Default lastActive=2026-08-22T14:45:35.276Z
2026-08-24 02:04:03.189: [INFO] LastUsedProfileDir: C:\Backend Apps\eclipseApps\ai_javaDevelopment\.metadata\.plugins\org.eclipse.swt\EBWebView\Default
2026-08-24 02:04:03.189: [INFO] MostRecentlyActiveProfile: name=Profile 1 path=C:\Backend Apps\eclipseApps\ai_javaDevelopment\.metadata\.plugins\org.eclipse.swt\EBWebView\Default lastActive=2026-08-22T14:45:35.276Z
2026-08-24 02:04:03.189: [INFO] OnDoneLoading sync enabled: 0
2026-08-24 02:04:03.190: [INFO] BookmarkModelLoaded, ids_reassigned: 0
2026-08-24 02:04:03.190: [INFO] BookmarksLoadDropped droppedNodes=0
2026-08-24 02:04:03.190: [INFO] BookmarksSnapshot Startup total=0 bar=0 other=0 mobile=0 showBar=0 showBarNTP=1
2026-08-24 12:15:09.603: [INFO] BookmarksSnapshot Shutdown total=0 bar=0 other=0 mobile=0 showBar=0 showBarNTP=1
2026-08-24 13:11:05.222: [INFO] CurrentProfilePath: C:\Backend Apps\eclipseApps\ai_javaDevelopment\.metadata\.plugins\org.eclipse.swt\EBWebView\Default
2026-08-24 13:11:05.222: [INFO] Profiles total count: 1
2026-08-24 13:11:05.222: [INFO] Profile: name=Profile 1 path=C:\Backend Apps\eclipseApps\ai_javaDevelopment\.metadata\.plugins\org.eclipse.swt\EBWebView\Default lastActive=2026-08-22T14:45:35.276Z
2026-08-24 13:11:05.222: [INFO] LastUsedProfileDir: C:\Backend Apps\eclipseApps\ai_javaDevelopment\.metadata\.plugins\org.eclipse.swt\EBWebView\Default
2026-08-24 13:11:05.223: [INFO] MostRecentlyActiveProfile: name=Profile 1 path=C:\Backend Apps\eclipseApps\ai_javaDevelopment\.metadata\.plugins\org.eclipse.swt\EBWebView\Default lastActive=2026-08-22T14:45:35.276Z
2026-08-24 13:11:05.223: [INFO] OnDoneLoading sync enabled: 0
2026-08-24 13:11:05.223: [INFO] BookmarkModelLoaded, ids_reassigned: 0
2026-08-24 13:11:05.223: [INFO] BookmarksLoadDropped droppedNodes=0
2026-08-24 13:11:05.223: [INFO] BookmarksSnapshot Startup total=0 bar=0 other=0 mobile=0 showBar=0 showBarNTP=1
2026-08-24 16:51:53.817: [INFO] BookmarksSnapshot Shutdown total=0 bar=0 other=0 mobile=0 showBar=0 showBarNTP=1
2026-08-25 03:46:52.951: [INFO] CurrentProfilePath: C:\Backend Apps\eclipseApps\ai_javaDevelopment\.metadata\.plugins\org.eclipse.swt\EBWebView\Default
2026-08-25 03:46:52.951: [INFO] Profiles total count: 1
2026-08-25 03:46:52.952: [INFO] Profile: name=Profile 1 path=C:\Backend Apps\eclipseApps\ai_javaDevelopment\.metadata\.plugins\org.eclipse.swt\EBWebView\Default lastActive=2026-08-24T13:11:47.366Z
2026-08-25 03:46:52.952: [INFO] LastUsedProfileDir: C:\Backend Apps\eclipseApps\ai_javaDevelopment\.metadata\.plugins\org.eclipse.swt\EBWebView\Default
2026-08-25 03:46:52.952: [INFO] MostRecentlyActiveProfile: name=Profile 1 path=C:\Backend Apps\eclipseApps\ai_javaDevelopment\.metadata\.plugins\org.eclipse.swt\EBWebView\Default lastActive=2026-08-24T13:11:47.366Z
2026-08-25 03:46:52.952: [INFO] OnDoneLoading sync enabled: 0
2026-08-25 03:46:52.952: [INFO] BookmarkModelLoaded, ids_reassigned: 0
2026-08-25 03:46:52.952: [INFO] BookmarksLoadDropped droppedNodes=0
2026-08-25 03:46:52.952: [INFO] BookmarksSnapshot Startup total=0 bar=0 other=0 mobile=0 showBar=0 showBarNTP=1
2026-08-25 06:08:18.150: [INFO] BookmarksSnapshot Shutdown total=0 bar=0 other=0 mobile=0 showBar=0 showBarNTP=1
2026-08-25 06:14:24.139: [INFO] CurrentProfilePath: C:\Backend Apps\eclipseApps\ai_javaDevelopment\.metadata\.plugins\org.eclipse.swt\EBWebView\Default
2026-08-25 06:14:24.139: [INFO] Profiles total count: 1
2026-08-25 06:14:24.139: [INFO] Profile: name=Profile 1 path=C:\Backend Apps\eclipseApps\ai_javaDevelopment\.metadata\.plugins\org.eclipse.swt\EBWebView\Default lastActive=2026-08-24T13:11:47.366Z
2026-08-25 06:14:24.139: [INFO] LastUsedProfileDir: C:\Backend Apps\eclipseApps\ai_javaDevelopment\.metadata\.plugins\org.eclipse.swt\EBWebView\Default
2026-08-25 06:14:24.139: [INFO] MostRecentlyActiveProfile: name=Profile 1 path=C:\Backend Apps\eclipseApps\ai_javaDevelopment\.metadata\.plugins\org.eclipse.swt\EBWebView\Default lastActive=2026-08-24T13:11:47.366Z
2026-08-25 06:14:24.139: [INFO] OnDoneLoading sync enabled: 0
2026-08-25 06:14:24.139: [INFO] BookmarkModelLoaded, ids_reassigned: 0
2026-08-25 06:14:24.140: [INFO] BookmarksLoadDropped droppedNodes=0
2026-08-25 06:14:24.140: [INFO] BookmarksSnapshot Startup total=0 bar=0 other=0 mobile=0 showBar=0 showBarNTP=1
2026-08-25 08:23:29.980: [INFO] BookmarksSnapshot Shutdown total=0 bar=0 other=0 mobile=0 showBar=0 showBarNTP=1
2026-08-25 09:29:47.464: [INFO] CurrentProfilePath: C:\Backend Apps\eclipseApps\ai_javaDevelopment\.metadata\.plugins\org.eclipse.swt\EBWebView\Default
2026-08-25 09:29:47.464: [INFO] Profiles total count: 1
2026-08-25 09:29:47.468: [INFO] Profile: name=Profile 1 path=C:\Backend Apps\eclipseApps\ai_javaDevelopment\.metadata\.plugins\org.eclipse.swt\EBWebView\Default lastActive=2026-08-24T13:11:47.366Z
2026-08-25 09:29:47.468: [INFO] LastUsedProfileDir: C:\Backend Apps\eclipseApps\ai_javaDevelopment\.metadata\.plugins\org.eclipse.swt\EBWebView\Default
2026-08-25 09:29:47.468: [INFO] MostRecentlyActiveProfile: name=Profile 1 path=C:\Backend Apps\eclipseApps\ai_javaDevelopment\.metadata\.plugins\org.eclipse.swt\EBWebView\Default lastActive=2026-08-24T13:11:47.366Z
2026-08-25 09:29:47.468: [INFO] OnDoneLoading sync enabled: 0
2026-08-25 09:29:47.468: [INFO] BookmarkModelLoaded, ids_reassigned: 0
2026-08-25 09:29:47.468: [INFO] BookmarksLoadDropped droppedNodes=0
2026-08-25 09:29:47.469: [INFO] BookmarksSnapshot Startup total=0 bar=0 other=0 mobile=0 showBar=0 showBarNTP=1
2026-08-25 11:36:24.355: [INFO] BookmarksSnapshot Shutdown total=0 bar=0 other=0 mobile=0 showBar=0 showBarNTP=1
